Archive member included because of file (symbol)

C:/WinAVR/bin/../lib/gcc/avr/3.4.3\libgcc.a(_copy_data.o)
                              mpx.o (__do_copy_data)
C:/WinAVR/bin/../lib/gcc/avr/3.4.3\libgcc.a(_clear_bss.o)
                              mpx.o (__do_clear_bss)

Allocating common symbols
Common symbol       size              file

address             0x1               mpx.o
chlength            0x1               mpx.o
maxfield            0x1               mpx.o
channel             0x61              mpx.o
data                0x1               mpx.o
channels            0x1               mpx.o
field               0x1               mpx.o
syncntr             0x1               mpx.o
addrflag            0x1               mpx.o

Memory Configuration

Name             Origin             Length             Attributes
text             0x00000000         0x00002000         xr
data             0x00800060         0x0000ffa0         rw !x
eeprom           0x00810000         0x00010000         rw !x
*default*        0x00000000         0xffffffff

Linker script and memory map

LOAD C:/WinAVR/bin/../lib/gcc/avr/3.4.3/../../../../avr/lib/crts2313.o
LOAD mpx.o
LOAD C:/WinAVR/bin/../lib/gcc/avr/3.4.3/../../../../avr/lib\libm.a
LOAD C:/WinAVR/bin/../lib/gcc/avr/3.4.3\libgcc.a
LOAD C:/WinAVR/bin/../lib/gcc/avr/3.4.3/../../../../avr/lib\libc.a
LOAD C:/WinAVR/bin/../lib/gcc/avr/3.4.3\libgcc.a

.hash
 *(.hash)

.dynsym
 *(.dynsym)

.dynstr
 *(.dynstr)

.gnu.version
 *(.gnu.version)

.gnu.version_d
 *(.gnu.version_d)

.gnu.version_r
 *(.gnu.version_r)

.rel.init
 *(.rel.init)

.rela.init
 *(.rela.init)

.rel.text
 *(.rel.text)
 *(.rel.text.*)
 *(.rel.gnu.linkonce.t*)

.rela.text
 *(.rela.text)
 *(.rela.text.*)
 *(.rela.gnu.linkonce.t*)

.rel.fini
 *(.rel.fini)

.rela.fini
 *(.rela.fini)

.rel.rodata
 *(.rel.rodata)
 *(.rel.rodata.*)
 *(.rel.gnu.linkonce.r*)

.rela.rodata
 *(.rela.rodata)
 *(.rela.rodata.*)
 *(.rela.gnu.linkonce.r*)

.rel.data
 *(.rel.data)
 *(.rel.data.*)
 *(.rel.gnu.linkonce.d*)

.rela.data
 *(.rela.data)
 *(.rela.data.*)
 *(.rela.gnu.linkonce.d*)

.rel.ctors
 *(.rel.ctors)

.rela.ctors
 *(.rela.ctors)

.rel.dtors
 *(.rel.dtors)

.rela.dtors
 *(.rela.dtors)

.rel.got
 *(.rel.got)

.rela.got
 *(.rela.got)

.rel.bss
 *(.rel.bss)

.rela.bss
 *(.rela.bss)

.rel.plt
 *(.rel.plt)

.rela.plt
 *(.rela.plt)

.text           0x00000000      0x1bc
 *(.vectors)
 .vectors       0x00000000       0x16 C:/WinAVR/bin/../lib/gcc/avr/3.4.3/../../../../avr/lib/crts2313.o
                0x00000000                __vectors
                0x00000000                __vector_default
                0x00000016                __ctors_start = .
 *(.ctors)
                0x00000016                __ctors_end = .
                0x00000016                __dtors_start = .
 *(.dtors)
                0x00000016                __dtors_end = .
 *(.progmem.gcc*)
 *(.progmem*)
                0x00000016                . = ALIGN (0x2)
 *(.init0)
 *(.init1)
 *(.init2)
 .init2         0x00000016        0x8 C:/WinAVR/bin/../lib/gcc/avr/3.4.3/../../../../avr/lib/crts2313.o
 *(.init3)
 *(.init4)
 .init4         0x0000001e       0x18 C:/WinAVR/bin/../lib/gcc/avr/3.4.3\libgcc.a(_copy_data.o)
                0x0000001e                __do_copy_data
 .init4         0x00000036       0x10 C:/WinAVR/bin/../lib/gcc/avr/3.4.3\libgcc.a(_clear_bss.o)
                0x00000036                __do_clear_bss
 *(.init5)
 *(.init6)
 *(.init7)
 *(.init8)
 *(.init9)
 .init9         0x00000046        0x2 C:/WinAVR/bin/../lib/gcc/avr/3.4.3/../../../../avr/lib/crts2313.o
 *(.text)
 .text          0x00000048        0x2 C:/WinAVR/bin/../lib/gcc/avr/3.4.3/../../../../avr/lib/crts2313.o
                0x00000048                __vector_1
                0x00000048                __bad_interrupt
                0x00000048                __vector_6
                0x00000048                __vector_3
                0x00000048                __vector_5
                0x00000048                __vector_9
                0x00000048                __vector_2
                0x00000048                __vector_8
                0x00000048                __vector_10
 .text          0x0000004a      0x172 mpx.o
                0x000000ee                __vector_7
                0x0000004a                main
                0x00000082                __vector_4
                0x000001bc                . = ALIGN (0x2)
 *(.text.*)
                0x000001bc                . = ALIGN (0x2)
 *(.fini9)
 *(.fini8)
 *(.fini7)
 *(.fini6)
 *(.fini5)
 *(.fini4)
 *(.fini3)
 *(.fini2)
 *(.fini1)
 *(.fini0)
                0x000001bc                _etext = .

.data           0x00800060        0x0 load address 0x000001bc
                0x00800060                PROVIDE (__data_start, .)
 *(.data)
 *(.gnu.linkonce.d*)
                0x00800060                . = ALIGN (0x2)
                0x00800060                _edata = .
                0x00800060                PROVIDE (__data_end, .)

.bss            0x00800060       0x69
                0x00800060                PROVIDE (__bss_start, .)
 *(.bss)
 *(COMMON)
 COMMON         0x00800060       0x69 mpx.o
                                  0x0 (size before relaxing)
                0x00800060                address
                0x00800061                chlength
                0x00800062                maxfield
                0x00800063                channel
                0x008000c4                data
                0x008000c5                channels
                0x008000c6                field
                0x008000c7                syncntr
                0x008000c8                addrflag
                0x008000c9                PROVIDE (__bss_end, .)
                0x000001bc                __data_load_start = LOADADDR (.data)
                0x000001bc                __data_load_end = (__data_load_start + SIZEOF (.data))

.noinit         0x008000c9        0x0
                0x008000c9                PROVIDE (__noinit_start, .)
 *(.noinit*)
                0x008000c9                PROVIDE (__noinit_end, .)
                0x008000c9                _end = .
                0x008000c9                PROVIDE (__heap_start, .)

.eeprom         0x00810000        0x0
 *(.eeprom*)
                0x00810000                __eeprom_end = .

.stab
 *(.stab)

.stabstr
 *(.stabstr)

.stab.excl
 *(.stab.excl)

.stab.exclstr
 *(.stab.exclstr)

.stab.index
 *(.stab.index)

.stab.indexstr
 *(.stab.indexstr)

.comment
 *(.comment)

.debug
 *(.debug)

.line
 *(.line)

.debug_srcinfo
 *(.debug_srcinfo)

.debug_sfnames
 *(.debug_sfnames)

.debug_aranges  0x00000000       0x14
 *(.debug_aranges)
 .debug_aranges
                0x00000000       0x14 mpx.o

.debug_pubnames
                0x00000000       0xa4
 *(.debug_pubnames)
 .debug_pubnames
                0x00000000       0xa4 mpx.o

.debug_info     0x00000000      0x147
 *(.debug_info)
 .debug_info    0x00000000      0x147 mpx.o
 *(.gnu.linkonce.wi.*)

.debug_abbrev   0x00000000       0x79
 *(.debug_abbrev)
 .debug_abbrev  0x00000000       0x79 mpx.o

.debug_line     0x00000000      0x1ba
 *(.debug_line)
 .debug_line    0x00000000      0x1ba mpx.o

.debug_frame
 *(.debug_frame)

.debug_str      0x00000000       0xd1
 *(.debug_str)
 .debug_str     0x00000000       0xd1 mpx.o
                                0x10b (size before relaxing)

.debug_loc
 *(.debug_loc)

.debug_macinfo
 *(.debug_macinfo)
OUTPUT(mpx.elf elf32-avr)

Cross Reference Table

Symbol                                            File
__bad_interrupt                                   C:/WinAVR/bin/../lib/gcc/avr/3.4.3/../../../../avr/lib/crts2313.o
__bss_end                                         C:/WinAVR/bin/../lib/gcc/avr/3.4.3\libgcc.a(_clear_bss.o)
__bss_start                                       C:/WinAVR/bin/../lib/gcc/avr/3.4.3\libgcc.a(_clear_bss.o)
__data_end                                        C:/WinAVR/bin/../lib/gcc/avr/3.4.3\libgcc.a(_copy_data.o)
__data_load_start                                 C:/WinAVR/bin/../lib/gcc/avr/3.4.3\libgcc.a(_copy_data.o)
__data_start                                      C:/WinAVR/bin/../lib/gcc/avr/3.4.3\libgcc.a(_copy_data.o)
__do_clear_bss                                    C:/WinAVR/bin/../lib/gcc/avr/3.4.3\libgcc.a(_clear_bss.o)
                                                  mpx.o
__do_copy_data                                    C:/WinAVR/bin/../lib/gcc/avr/3.4.3\libgcc.a(_copy_data.o)
                                                  mpx.o
__heap_end                                        C:/WinAVR/bin/../lib/gcc/avr/3.4.3/../../../../avr/lib/crts2313.o
__init                                            C:/WinAVR/bin/../lib/gcc/avr/3.4.3/../../../../avr/lib/crts2313.o
__stack                                           C:/WinAVR/bin/../lib/gcc/avr/3.4.3/../../../../avr/lib/crts2313.o
                                                  mpx.o
__vector_1                                        C:/WinAVR/bin/../lib/gcc/avr/3.4.3/../../../../avr/lib/crts2313.o
__vector_10                                       C:/WinAVR/bin/../lib/gcc/avr/3.4.3/../../../../avr/lib/crts2313.o
__vector_2                                        C:/WinAVR/bin/../lib/gcc/avr/3.4.3/../../../../avr/lib/crts2313.o
__vector_3                                        C:/WinAVR/bin/../lib/gcc/avr/3.4.3/../../../../avr/lib/crts2313.o
__vector_4                                        mpx.o
                                                  C:/WinAVR/bin/../lib/gcc/avr/3.4.3/../../../../avr/lib/crts2313.o
__vector_5                                        C:/WinAVR/bin/../lib/gcc/avr/3.4.3/../../../../avr/lib/crts2313.o
__vector_6                                        C:/WinAVR/bin/../lib/gcc/avr/3.4.3/../../../../avr/lib/crts2313.o
__vector_7                                        mpx.o
                                                  C:/WinAVR/bin/../lib/gcc/avr/3.4.3/../../../../avr/lib/crts2313.o
__vector_8                                        C:/WinAVR/bin/../lib/gcc/avr/3.4.3/../../../../avr/lib/crts2313.o
__vector_9                                        C:/WinAVR/bin/../lib/gcc/avr/3.4.3/../../../../avr/lib/crts2313.o
__vector_default                                  C:/WinAVR/bin/../lib/gcc/avr/3.4.3/../../../../avr/lib/crts2313.o
__vectors                                         C:/WinAVR/bin/../lib/gcc/avr/3.4.3/../../../../avr/lib/crts2313.o
address                                           mpx.o
addrflag                                          mpx.o
channel                                           mpx.o
channels                                          mpx.o
chlength                                          mpx.o
data                                              mpx.o
field                                             mpx.o
main                                              mpx.o
                                                  C:/WinAVR/bin/../lib/gcc/avr/3.4.3/../../../../avr/lib/crts2313.o
maxfield                                          mpx.o
syncntr                                           mpx.o
